---
layout: post
cid: 1711
title: 阿里云主机新加磁盘并格式化
slug: 1711
date: 2010/01/15 22:59:00
updated: 2020/01/11 23:24:00
status: publish
author: 千夜同学
categories: 
  - 编程
tags: 
  - Linux
---


新加了一块磁盘

    [root@iZ2zeh0wl8jq1asl4b3rf2Z ~]# fdisk -l
    Disk /dev/vda: 42.9 GB, 42949672960 bytes, 83886080 sectors
    Units = sectors of 1 * 512 = 512 bytes
    Sector size (logical/physical): 512 bytes / 512 bytes
    I/O size (minimum/optimal): 512 bytes / 512 bytes
    Disk label type: dos
    Disk identifier: 0x0008de3e
    
       Device Boot      Start         End      Blocks   Id  System
    /dev/vda1   *        2048    83884031    41940992   83  Linux
    
    Disk /dev/vdb: 107.4 GB, 107374182400 bytes, 209715200 sectors
    Units = sectors of 1 * 512 = 512 bytes
    Sector size (logical/physical): 512 bytes / 512 bytes
    I/O size (minimum/optimal): 512 bytes / 512 bytes

<!--more-->

使用 fdisk 命令新建分区

    [root@iZ2zeh0wl8jq1asl4b3rf2Z ~]# fdisk -u /dev/vdb
    Welcome to fdisk (util-linux 2.23.2).
    
    Changes will remain in memory only, until you decide to write them.
    Be careful before using the write command.
    
    Device does not contain a recognized partition table
    Building a new DOS disklabel with disk identifier 0xe6091013.

p 打印出当前分区

    Command (m for help): p
    
    Disk /dev/vdb: 107.4 GB, 107374182400 bytes, 209715200 sectors
    Units = sectors of 1 * 512 = 512 bytes
    Sector size (logical/physical): 512 bytes / 512 bytes
    I/O size (minimum/optimal): 512 bytes / 512 bytes
    Disk label type: dos
    Disk identifier: 0xe6091013
    
       Device Boot      Start         End      Blocks   Id  System

n 新建一个分区

    Command (m for help): n
    Partition type:
       p   primary (0 primary, 0 extended, 4 free)
       e   extended
    Select (default p): p
    Partition number (1-4, default 1): 1
    First sector (2048-209715199, default 2048):
    Using default value 2048
    Last sector, +sectors or +size{K,M,G} (2048-209715199, default 209715199):
    Using default value 209715199
    Partition 1 of type Linux and of size 100 GiB is set

w 将分区修改写入并保存

    Command (m for help): w
    The partition table has been altered!
    
    Calling ioctl() to re-read partition table.
    Syncing disks.

fdisk 看一下新的分区已经建好了

    [root@iZ2zeh0wl8jq1asl4b3rf2Z ~]# fdisk -l
    
    Disk /dev/vda: 42.9 GB, 42949672960 bytes, 83886080 sectors
    Units = sectors of 1 * 512 = 512 bytes
    Sector size (logical/physical): 512 bytes / 512 bytes
    I/O size (minimum/optimal): 512 bytes / 512 bytes
    Disk label type: dos
    Disk identifier: 0x0008de3e
    
       Device Boot      Start         End      Blocks   Id  System
    /dev/vda1   *        2048    83884031    41940992   83  Linux
    
    Disk /dev/vdb: 107.4 GB, 107374182400 bytes, 209715200 sectors
    Units = sectors of 1 * 512 = 512 bytes
    Sector size (logical/physical): 512 bytes / 512 bytes
    I/O size (minimum/optimal): 512 bytes / 512 bytes
    Disk label type: dos
    Disk identifier: 0xe6091013
    
       Device Boot      Start         End      Blocks   Id  System
    /dev/vdb1            2048   209715199   104856576   83  Linux

格式化分区

    [root@iZ2zeh0wl8jq1asl4b3rf2Z ~]# mkfs.xfs /dev/vdb1
    meta-data=/dev/vdb1              isize=512    agcount=4, agsize=6553536 blks
             =                       sectsz=512   attr=2, projid32bit=1
             =                       crc=1        finobt=0, sparse=0
    data     =                       bsize=4096   blocks=26214144, imaxpct=25
             =                       sunit=0      swidth=0 blks
    naming   =version 2              bsize=4096   ascii-ci=0 ftype=1
    log      =internal log           bsize=4096   blocks=12799, version=2
             =                       sectsz=512   sunit=0 blks, lazy-count=1
    realtime =none                   extsz=4096   blocks=0, rtextents=0

编辑 fstab 文件，绑定目录

    vim /etc/fstab
    
    /dev/vdb1                                 /data                   xfs     defaults        0 0

挂载 要挂载的目录必须存在才可以

    [root@iZ2zeh0wl8jq1asl4b3rf2Z ~]# mount -a
    mount: mount point /data does not exist
    [root@iZ2zeh0wl8jq1asl4b3rf2Z ~]# mkdir /data
    [root@iZ2zeh0wl8jq1asl4b3rf2Z ~]# mount -a

操作完成

    [root@iZ2zeh0wl8jq1asl4b3rf2Z ~]# df -Th
    Filesystem     Type      Size  Used Avail Use% Mounted on
    /dev/vda1      ext4       40G  1.6G   36G   5% /
    devtmpfs       devtmpfs  7.8G     0  7.8G   0% /dev
    tmpfs          tmpfs     7.8G     0  7.8G   0% /dev/shm
    tmpfs          tmpfs     7.8G  320K  7.8G   1% /run
    tmpfs          tmpfs     7.8G     0  7.8G   0% /sys/fs/cgroup
    tmpfs          tmpfs     1.6G     0  1.6G   0% /run/user/0
    /dev/vdb1      xfs       100G   33M  100G   1% /data
