<!DOCTYPE html>

<html lang="zh-cn">
    <head>
    <meta charset="utf-8">
    <meta http-equiv="X-UA-Compatible" content="IE=edge,chrome=1">
    <meta name="viewport" content="width=device-width, initial-scale=1">
    <meta name="format-detection" content="telephone=no"/>

    <title>阿里云主机新加磁盘并格式化 | 千夜同学</title>
    
    <link rel="apple-touch-icon" sizes="180x180" href="http://70data.net/apple-touch-icon.png">
    <link rel="icon" type="image/png" sizes="32x32" href="http://70data.net/favicon-32x32.png">
    <link rel="icon" type="image/png" sizes="16x16" href="http://70data.net/favicon-16x16.png">
    <link rel="manifest" href="http://70data.net/manifest.json">
    <link rel="mask-icon" href="http://70data.net/safari-pinned-tab.svg" color="#FF3DB4">
    <meta name="theme-color" content="#ffffff">

    
    
    
    <link rel="stylesheet" href="http://70data.net/css/main.min.15431d6c334f65809fe2bc329da3f2c81c6e3027ab1e25b56afb2bb85fa7fd64.css"/>

    
    
    

    
    </head>

    <body>
        
<nav>
  <header>
    <div class="site-title">
        <a href="http://70data.net/">千夜同学</a>
    </div>  
</header>

  <div class="nav-menu">
  
    <a class="color-link nav-link" href="http://70data.net/about/">About</a>
  
  </div>
<footer class="footer">
	<div class="social-icons">
        

    

    

    

    

    

    

    

    

    

    

    

    

    

    

    

    

    

    
    
    

    
    
    

    

    

    

    

    

</div>



	<script src="http://70data.net/js/main.min.fa5c2b23e07b5d9bfad267a52b4b24fdb053e6fb7524993383594926a3ac270c.js" integrity="sha256-+lwrI+B7XZv60melK0sk/bBT5vt1JJkzg1lJJqOsJww=" crossorigin="anonymous"></script>
</footer>
</nav>

        <div id="content" class="content-container">
        

<h1 class="post-title">阿里云主机新加磁盘并格式化</h1>
    
    <time>October 4, 2010</time>
    
    <div>
        <p>
        <p>新加了一块磁盘</p>
<pre><code>[root@iZ2zeh0wl8jq1asl4b3rf2Z ~]# fdisk -l
Disk /dev/vda: 42.9 GB, 42949672960 bytes, 83886080 sectors
Units = sectors of 1 * 512 = 512 bytes
Sector size (logical/physical): 512 bytes / 512 bytes
I/O size (minimum/optimal): 512 bytes / 512 bytes
Disk label type: dos
Disk identifier: 0x0008de3e

Device Boot      Start         End      Blocks   Id  System
/dev/vda1   *        2048    83884031    41940992   83  Linux

Disk /dev/vdb: 107.4 GB, 107374182400 bytes, 209715200 sectors
Units = sectors of 1 * 512 = 512 bytes
Sector size (logical/physical): 512 bytes / 512 bytes
I/O size (minimum/optimal): 512 bytes / 512 bytes
</code></pre><p>使用 fdisk 命令新建分区</p>
<pre><code>[root@iZ2zeh0wl8jq1asl4b3rf2Z ~]# fdisk -u /dev/vdb
Welcome to fdisk (util-linux 2.23.2).
Changes will remain in memory only, until you decide to write them.
Be careful before using the write command.
Device does not contain a recognized partition table
Building a new DOS disklabel with disk identifier 0xe6091013.
</code></pre><p>p 打印出当前分区</p>
<pre><code>Command (m for help): p

Disk /dev/vdb: 107.4 GB, 107374182400 bytes, 209715200 sectors
Units = sectors of 1 * 512 = 512 bytes
Sector size (logical/physical): 512 bytes / 512 bytes
I/O size (minimum/optimal): 512 bytes / 512 bytes
Disk label type: dos
Disk identifier: 0xe6091013

Device Boot      Start         End      Blocks   Id  System
</code></pre><p>n 新建一个分区</p>
<pre><code>Command (m for help): n
Partition type:
p   primary (0 primary, 0 extended, 4 free)
e   extended
Select (default p): p
Partition number (1-4, default 1): 1
First sector (2048-209715199, default 2048):
Using default value 2048
Last sector, +sectors or +size{K,M,G} (2048-209715199, default 209715199):
Using default value 209715199
Partition 1 of type Linux and of size 100 GiB is set
</code></pre><p>w 将分区修改写入并保存</p>
<pre><code>Command (m for help): w
The partition table has been altered!
Calling ioctl() to re-read partition table.
Syncing disks.
</code></pre><p>fdisk 看一下新的分区已经建好了</p>
<pre><code>[root@iZ2zeh0wl8jq1asl4b3rf2Z ~]# fdisk -l
Disk /dev/vda: 42.9 GB, 42949672960 bytes, 83886080 sectors
Units = sectors of 1 * 512 = 512 bytes
Sector size (logical/physical): 512 bytes / 512 bytes
I/O size (minimum/optimal): 512 bytes / 512 bytes
Disk label type: dos
Disk identifier: 0x0008de3e

Device Boot      Start         End      Blocks   Id  System
/dev/vda1   *        2048    83884031    41940992   83  Linux

Disk /dev/vdb: 107.4 GB, 107374182400 bytes, 209715200 sectors
Units = sectors of 1 * 512 = 512 bytes
Sector size (logical/physical): 512 bytes / 512 bytes
I/O size (minimum/optimal): 512 bytes / 512 bytes
Disk label type: dos
Disk identifier: 0xe6091013

Device Boot      Start         End      Blocks   Id  System
/dev/vdb1            2048   209715199   104856576   83  Linux
</code></pre><p>格式化分区</p>
<pre><code>[root@iZ2zeh0wl8jq1asl4b3rf2Z ~]# mkfs.xfs /dev/vdb1
meta-data=/dev/vdb1              isize=512    agcount=4, agsize=6553536 blks
         =                       sectsz=512   attr=2, projid32bit=1
         =                       crc=1        finobt=0, sparse=0
data     =                       bsize=4096   blocks=26214144, imaxpct=25
         =                       sunit=0      swidth=0 blks
naming   =version 2              bsize=4096   ascii-ci=0 ftype=1
log      =internal log           bsize=4096   blocks=12799, version=2
         =                       sectsz=512   sunit=0 blks, lazy-count=1
realtime =none                   extsz=4096   blocks=0, rtextents=0
</code></pre><p>编辑 fstab 文件，绑定目录</p>
<pre><code>vim /etc/fstab
/dev/vdb1              /data              xfs     defaults        0 0
</code></pre><p>挂载 要挂载的目录必须存在才可以</p>
<pre><code>[root@iZ2zeh0wl8jq1asl4b3rf2Z ~]# mount -a
mount: mount point /data does not exist
[root@iZ2zeh0wl8jq1asl4b3rf2Z ~]# mkdir /data
[root@iZ2zeh0wl8jq1asl4b3rf2Z ~]# mount -a
</code></pre><p>操作完成</p>
<pre><code>[root@iZ2zeh0wl8jq1asl4b3rf2Z ~]# df -Th
Filesystem     Type      Size  Used Avail Use% Mounted on
/dev/vda1      ext4       40G  1.6G   36G   5% /
devtmpfs       devtmpfs  7.8G     0  7.8G   0% /dev
tmpfs          tmpfs     7.8G     0  7.8G   0% /dev/shm
tmpfs          tmpfs     7.8G  320K  7.8G   1% /run
tmpfs          tmpfs     7.8G     0  7.8G   0% /sys/fs/cgroup
tmpfs          tmpfs     1.6G     0  1.6G   0% /run/user/0
/dev/vdb1      xfs       100G   33M  100G   1% /data
</code></pre>
        </p>
    </div>
    

    

    <div class="page-footer">
        
        <hr class="footer-divider">
        
            <a class="tag" href="http://70data.net/tags/Linux">#Linux</a>
        
      
    </div>


        

<link rel="stylesheet" type="text/css" href="http://70data.net/css/katex.min.css" crossorigin="anonymous">
<script type="text/javascript" src="http://70data.net/js/katex.min.js" crossorigin="anonymous"></script>
<script type="text/javascript" src="http://70data.net/js/auto-render.min.js"onload="renderMathInElement(document.body);" crossorigin="anonymous"></script>

        </div>
        <footer class="footer-mobile">
	<div class="social-icons">
        

    

    

    

    

    

    

    

    

    

    

    

    

    

    

    

    

    

    
    
    

    
    
    

    

    

    

    

    

</div>



	<script src="http://70data.net/js/main.min.fa5c2b23e07b5d9bfad267a52b4b24fdb053e6fb7524993383594926a3ac270c.js" integrity="sha256-+lwrI+B7XZv60melK0sk/bBT5vt1JJkzg1lJJqOsJww=" crossorigin="anonymous"></script>
</footer>
    </body>
</html>